// Jest Snapshot v1, https://goo.gl/fbAQLP

exports[`Top level App rendering test App snapshot rendering... 1`] = `
Object {
  "asFragment": [Function],
  "baseElement": <body>
    <div>
      <div
        class="App"
      >
        <header>
          <a
            class="header-logo"
            href="/"
          >
            <img
              alt="logo currency converter"
              class="logo-img"
              src="currency-dice.png"
            />
            <h1>
              Global Currency Converter
            </h1>
          </a>
          <nav>
            <ul
              class="ul-links"
            >
              <li>
                <a
                  aria-current="page"
                  class="active"
                  href="/"
                  id="home"
                >
                  Currencies
                </a>
              </li>
            </ul>
          </nav>
        </header>
        <section
          class="body-section"
        >
          <div
            class="home-card"
          >
            <div
              class="hc-txt"
            >
              <h2>
                Real time currency converter to US dollars
              </h2>
              <h3>
                Discover and browse worldwide currencies and learn about them!
              </h3>
            </div>
            <div
              class="hc-img"
            >
              <img
                alt="illustration-exchange"
                class="illus-img"
                src="worldbills.png"
              />
            </div>
          </div>
          <div
            id="search"
          >
            <input
              placeholder="Search Currencies"
              type="search"
              value=""
            />
          </div>
          <div
            class="cards-container"
          />
        </section>
        <footer>
          <div
            class="footer-header"
          >
            <p>
              Lucas Mullen
            </p>
            <p>
              All rights reserved
            </p>
          </div>
          <div
            class="footer-footer"
          >
            <p>
              Go to
              <a
                href="https://github.com/mullenlucas/currency-converter"
              >
                 
                GitHub repository
                 
              </a>
              for more information and acknowledgements
            </p>
          </div>
        </footer>
      </div>
    </div>
  </body>,
  "container": <div>
    <div
      class="App"
    >
      <header>
        <a
          class="header-logo"
          href="/"
        >
          <img
            alt="logo currency converter"
            class="logo-img"
            src="currency-dice.png"
          />
          <h1>
            Global Currency Converter
          </h1>
        </a>
        <nav>
          <ul
            class="ul-links"
          >
            <li>
              <a
                aria-current="page"
                class="active"
                href="/"
                id="home"
              >
                Currencies
              </a>
            </li>
          </ul>
        </nav>
      </header>
      <section
        class="body-section"
      >
        <div
          class="home-card"
        >
          <div
            class="hc-txt"
          >
            <h2>
              Real time currency converter to US dollars
            </h2>
            <h3>
              Discover and browse worldwide currencies and learn about them!
            </h3>
          </div>
          <div
            class="hc-img"
          >
            <img
              alt="illustration-exchange"
              class="illus-img"
              src="worldbills.png"
            />
          </div>
        </div>
        <div
          id="search"
        >
          <input
            placeholder="Search Currencies"
            type="search"
            value=""
          />
        </div>
        <div
          class="cards-container"
        />
      </section>
      <footer>
        <div
          class="footer-header"
        >
          <p>
            Lucas Mullen
          </p>
          <p>
            All rights reserved
          </p>
        </div>
        <div
          class="footer-footer"
        >
          <p>
            Go to
            <a
              href="https://github.com/mullenlucas/currency-converter"
            >
               
              GitHub repository
               
            </a>
            for more information and acknowledgements
          </p>
        </div>
      </footer>
    </div>
  </div>,
  "debug": [Function],
  "findAllByAltText": [Function],
  "findAllByDisplayValue": [Function],
  "findAllByLabelText": [Function],
  "findAllByPlaceholderText": [Function],
  "findAllByRole": [Function],
  "findAllByTestId": [Function],
  "findAllByText": [Function],
  "findAllByTitle": [Function],
  "findByAltText": [Function],
  "findByDisplayValue": [Function],
  "findByLabelText": [Function],
  "findByPlaceholderText": [Function],
  "findByRole": [Function],
  "findByTestId": [Function],
  "findByText": [Function],
  "findByTitle": [Function],
  "getAllByAltText": [Function],
  "getAllByDisplayValue": [Function],
  "getAllByLabelText": [Function],
  "getAllByPlaceholderText": [Function],
  "getAllByRole": [Function],
  "getAllByTestId": [Function],
  "getAllByText": [Function],
  "getAllByTitle": [Function],
  "getByAltText": [Function],
  "getByDisplayValue": [Function],
  "getByLabelText": [Function],
  "getByPlaceholderText": [Function],
  "getByRole": [Function],
  "getByTestId": [Function],
  "getByText": [Function],
  "getByTitle": [Function],
  "queryAllByAltText": [Function],
  "queryAllByDisplayValue": [Function],
  "queryAllByLabelText": [Function],
  "queryAllByPlaceholderText": [Function],
  "queryAllByRole": [Function],
  "queryAllByTestId": [Function],
  "queryAllByText": [Function],
  "queryAllByTitle": [Function],
  "queryByAltText": [Function],
  "queryByDisplayValue": [Function],
  "queryByLabelText": [Function],
  "queryByPlaceholderText": [Function],
  "queryByRole": [Function],
  "queryByTestId": [Function],
  "queryByText": [Function],
  "queryByTitle": [Function],
  "rerender": [Function],
  "unmount": [Function],
}
`;
