// Jest Snapshot v1, https://goo.gl/fbAQLP

exports[`Home page rendering test Home page snapshot rendering... 1`] = `
Object {
  "asFragment": [Function],
  "baseElement": <body>
    <div>
      <section
        class="body-section"
      >
        <div
          class="home-card"
        >
          <div
            class="hc-txt"
          >
            <h2>
              Real time currency converter to US dollars
            </h2>
            <h3>
              Discover and browse worldwide currencies and learn about them!
            </h3>
          </div>
          <div
            class="hc-img"
          >
            <img
              alt="illustration-exchange"
              class="illus-img"
              src="worldbills.png"
            />
          </div>
        </div>
        <div
          id="search"
        >
          <input
            placeholder="Search Currencies"
            type="search"
            value=""
          />
        </div>
        <div
          class="cards-container"
        />
      </section>
    </div>
  </body>,
  "container": <div>
    <section
      class="body-section"
    >
      <div
        class="home-card"
      >
        <div
          class="hc-txt"
        >
          <h2>
            Real time currency converter to US dollars
          </h2>
          <h3>
            Discover and browse worldwide currencies and learn about them!
          </h3>
        </div>
        <div
          class="hc-img"
        >
          <img
            alt="illustration-exchange"
            class="illus-img"
            src="worldbills.png"
          />
        </div>
      </div>
      <div
        id="search"
      >
        <input
          placeholder="Search Currencies"
          type="search"
          value=""
        />
      </div>
      <div
        class="cards-container"
      />
    </section>
  </div>,
  "debug": [Function],
  "findAllByAltText": [Function],
  "findAllByDisplayValue": [Function],
  "findAllByLabelText": [Function],
  "findAllByPlaceholderText": [Function],
  "findAllByRole": [Function],
  "findAllByTestId": [Function],
  "findAllByText": [Function],
  "findAllByTitle": [Function],
  "findByAltText": [Function],
  "findByDisplayValue": [Function],
  "findByLabelText": [Function],
  "findByPlaceholderText": [Function],
  "findByRole": [Function],
  "findByTestId": [Function],
  "findByText": [Function],
  "findByTitle": [Function],
  "getAllByAltText": [Function],
  "getAllByDisplayValue": [Function],
  "getAllByLabelText": [Function],
  "getAllByPlaceholderText": [Function],
  "getAllByRole": [Function],
  "getAllByTestId": [Function],
  "getAllByText": [Function],
  "getAllByTitle": [Function],
  "getByAltText": [Function],
  "getByDisplayValue": [Function],
  "getByLabelText": [Function],
  "getByPlaceholderText": [Function],
  "getByRole": [Function],
  "getByTestId": [Function],
  "getByText": [Function],
  "getByTitle": [Function],
  "queryAllByAltText": [Function],
  "queryAllByDisplayValue": [Function],
  "queryAllByLabelText": [Function],
  "queryAllByPlaceholderText": [Function],
  "queryAllByRole": [Function],
  "queryAllByTestId": [Function],
  "queryAllByText": [Function],
  "queryAllByTitle": [Function],
  "queryByAltText": [Function],
  "queryByDisplayValue": [Function],
  "queryByLabelText": [Function],
  "queryByPlaceholderText": [Function],
  "queryByRole": [Function],
  "queryByTestId": [Function],
  "queryByText": [Function],
  "queryByTitle": [Function],
  "rerender": [Function],
  "unmount": [Function],
}
`;
